{
  "test/fixtures/123": "tmp/default_options/test/fixtures/5ba48b6e5a7c4d4930fda256f411e55b/123",
  "test/fixtures/test.css": "tmp/default_options/test/fixtures/279d97c58278ae0309eb0cf24cbeef67/test.css",
  "test/fixtures/test.css.map": "tmp/default_options/test/fixtures/6be91bfc401452c6157e67fff0e1b9db/test.css.map",
  "test/fixtures/testing.js": "tmp/default_options/test/fixtures/fa6a5a3224d7da66d9e0bdec25f62cf0/testing.js",
  "test/fixtures/testing.js.map": "tmp/default_options/test/fixtures/2a440ce824809f040dfe6de7bc6099f1/testing.js.map"
}