{
  "fixtures/123": "fixtures/5ba48b6e5a7c4d49/123",
  "fixtures/test.css": "fixtures/279d97c58278ae03/test.css",
  "fixtures/test.css.map": "fixtures/279d97c58278ae03/test.css.map",
  "fixtures/testing.js": "fixtures/fa6a5a3224d7da66/testing.js",
  "fixtures/testing.js.map": "fixtures/fa6a5a3224d7da66/testing.js.map"
}